../Core/Src/main.c:58:6:USART1_Init	40	static
../Core/Src/main.c:82:6:DMA2_USART1_Init	32	static
../Core/Src/main.c:103:6:DMA2_Stream5_IRQHandler	16	static
../Core/Src/main.c:109:6:USART1_Send_Data	24	static
../Core/Src/main.c:117:9:USART1_Revc_Data	24	static
../Core/Src/main.c:125:44:Erase	32	static
../Core/Src/main.c:147:45:Program	40	static
../Core/Src/main.c:163:45:Reset_system	16	static
../Core/Src/main.c:168:45:Update_Firmware	8	static
../Core/Src/main.c:179:5:main	8	static
../Core/Src/main.c:225:6:SystemClock_Config	88	static
../Core/Src/main.c:270:6:Error_Handler	4	static,ignoring_inline_asm
